[2026-06-24 11:15:41] ==================================================
[2026-06-24 11:15:41] 开始抓取 OI/P/Y 主力合约收盘价
[2026-06-24 11:15:41] === 菜油OI (OI) ===
[2026-06-24 11:15:51]   Sina持仓不可靠(max_oi=744)，尝试东方财富补拉...
[2026-06-24 11:15:52]   东财补拉成功 3 条
[2026-06-24 11:15:52]   主力=OI2609 持仓=272033 收=9712.0
[2026-06-24 11:15:52]   OK 日期=2026-06-24 主力=OI2609 收=9712.0 涨跌=+0(+0.00%)
[2026-06-24 11:15:52] === 棕榈油P (P) ===
[2026-06-24 11:16:01]   Sina持仓不可靠(max_oi=0)，尝试东方财富补拉...
[2026-06-24 11:16:02]   东财补拉成功 3 条
[2026-06-24 11:16:02]   主力=P2609 持仓=497522 收=9333.0
[2026-06-24 11:16:02]   OK 日期=2026-06-24 主力=P2609 收=9333.0 涨跌=+0(+0.00%)
[2026-06-24 11:16:02] === 豆油Y (Y) ===
[2026-06-24 11:16:13]   Sina持仓不可靠(max_oi=0)，尝试东方财富补拉...
[2026-06-24 11:16:13]   东财补拉成功 3 条
[2026-06-24 11:16:13]   主力=Y2609 持仓=594935 收=8385.0
[2026-06-24 11:16:13]   OK 日期=2026-06-24 主力=Y2609 收=8385.0 涨跌=+0(+0.00%)
[2026-06-24 11:16:13] ==================================================
[2026-06-24 11:16:13] 完成,共 3 项
[2026-06-24 13:41:15] ==================================================
[2026-06-24 13:41:15] 开始抓取 OI/P/Y 主力合约收盘价
[2026-06-24 13:41:15] === 菜油OI (OI) ===
[2026-06-24 13:41:25]   Sina持仓不可靠(max_oi=744)，尝试东方财富补拉...
[2026-06-24 13:41:25]   东财补拉成功 3 条
[2026-06-24 13:41:25]   主力=OI2609 持仓=273594 收=9742.0
[2026-06-24 13:41:25]   OK 日期=2026-06-24 主力=OI2609 收=9742.0 涨跌=+0(+0.00%)
[2026-06-24 13:41:25] === 棕榈油P (P) ===
[2026-06-24 13:41:28] ==================================================
[2026-06-24 13:41:28] 开始抓取 OI/P/Y 主力合约收盘价
[2026-06-24 13:41:28] === 菜油OI (OI) ===
[2026-06-24 13:41:36]   Sina持仓不可靠(max_oi=0)，尝试东方财富补拉...
[2026-06-24 13:41:36]   东财补拉成功 3 条
[2026-06-24 13:41:36]   主力=P2609 持仓=497756 收=9336.0
[2026-06-24 13:41:36]   OK 日期=2026-06-24 主力=P2609 收=9336.0 涨跌=+0(+0.00%)
[2026-06-24 13:41:36] === 豆油Y (Y) ===
[2026-06-24 13:41:38]   Sina持仓不可靠(max_oi=744)，尝试东方财富补拉...
[2026-06-24 13:41:39]   东财补拉成功 3 条
[2026-06-24 13:41:39]   主力=OI2609 持仓=273611 收=9743.0
[2026-06-24 13:41:39]   OK 日期=2026-06-24 主力=OI2609 收=9743.0 涨跌=+0(+0.00%)
[2026-06-24 13:41:39] === 棕榈油P (P) ===
[2026-06-24 13:41:47]   Sina持仓不可靠(max_oi=0)，尝试东方财富补拉...
[2026-06-24 13:41:48]   东财补拉成功 3 条
[2026-06-24 13:41:48]   主力=Y2609 持仓=594581 收=8394.0
[2026-06-24 13:41:48]   OK 日期=2026-06-24 主力=Y2609 收=8394.0 涨跌=+0(+0.00%)
[2026-06-24 13:41:48] ==================================================
[2026-06-24 13:41:48] 完成,共 3 项
[2026-06-24 13:41:50]   Sina持仓不可靠(max_oi=0)，尝试东方财富补拉...
[2026-06-24 13:41:50]   东财补拉成功 3 条
[2026-06-24 13:41:50]   主力=P2609 持仓=497814 收=9335.0
[2026-06-24 13:41:50]   OK 日期=2026-06-24 主力=P2609 收=9335.0 涨跌=+0(+0.00%)
[2026-06-24 13:41:50] === 豆油Y (Y) ===
[2026-06-24 13:42:02]   Sina持仓不可靠(max_oi=0)，尝试东方财富补拉...
[2026-06-24 13:42:03]   东财补拉成功 3 条
[2026-06-24 13:42:03]   主力=Y2609 持仓=594584 收=8392.0
[2026-06-24 13:42:03]   OK 日期=2026-06-24 主力=Y2609 收=8392.0 涨跌=+0(+0.00%)
[2026-06-24 13:42:03] ==================================================
[2026-06-24 13:42:03] 完成,共 3 项
[2026-06-24 14:09:09] ==================================================
[2026-06-24 14:09:09] 开始抓取 OI/P/Y 主力合约收盘价
[2026-06-24 14:09:09] === 菜油OI (OI) ===
[2026-06-24 14:09:20]   Sina持仓不可靠(max_oi=744)，尝试东方财富补拉...
[2026-06-24 14:09:20]   东财补拉成功 3 条
[2026-06-24 14:09:20]   主力=OI2609 持仓=274492 收=9770.0
[2026-06-24 14:09:20]   OK 日期=2026-06-24 主力=OI2609 收=9770.0 涨跌=+0(+0.00%)
[2026-06-24 14:09:20] === 棕榈油P (P) ===
[2026-06-24 14:09:33]   Sina持仓不可靠(max_oi=0)，尝试东方财富补拉...
[2026-06-24 14:09:33]   东财补拉成功 3 条
[2026-06-24 14:09:33]   主力=P2609 持仓=498124 收=9344.0
[2026-06-24 14:09:33]   OK 日期=2026-06-24 主力=P2609 收=9344.0 涨跌=+0(+0.00%)
[2026-06-24 14:09:33] === 豆油Y (Y) ===
[2026-06-24 14:09:45]   Sina持仓不可靠(max_oi=0)，尝试东方财富补拉...
[2026-06-24 14:09:46]   东财补拉成功 3 条
[2026-06-24 14:09:46]   主力=Y2609 持仓=594614 收=8402.0
[2026-06-24 14:09:46]   OK 日期=2026-06-24 主力=Y2609 收=8402.0 涨跌=+0(+0.00%)
[2026-06-24 14:09:46] ==================================================
[2026-06-24 14:09:46] 完成,共 3 项
